XYZ, Inc.                                                                                                                Page 1 of 1
Protocol No.: compound_YYYYY                                                                                                        
                                       Table 14.11.1a Demographics from the data sashelp.class                                      
                                                       Sex = Male and Age <=12                                                      
____________________________________________________________________________________________________________________________________

Name                      Sex                       Age                       Height                    Weight                      
_________________________________________________________________________________________________________________________________   

James                     M                                12                      57.3                        83                   
John                      M                                12                        59                      99.5                   
Robert                    M                                12                      64.8                       128                   
Thomas                    M                                11                      57.5                        85                   




































____________________________________________________________________________________________________________________________________
Note: the source data is sashelp.class                                                                                              
Program Source: table4.sas                                                                              Executed: (Draft) 2022-05-01
