XYZ, Inc.                                                                                                                Page 1 of 1
Protocol No.: compound_YYYYY                                                                                                        
                                        Table 14.11.2 Demographics from the data sashelp.class                                      
                                                             Sex = Female                                                           
____________________________________________________________________________________________________________________________________

Name                      Sex                       Age                       Height                    Weight                      
_________________________________________________________________________________________________________________________________   

Alice                     F                                13                      56.5                        84                   
Barbara                   F                                13                      65.3                        98                   
Carol                     F                                14                      62.8                     102.5                   
Jane                      F                                12                      59.8                      84.5                   
Janet                     F                                15                      62.5                     112.5                   
Joyce                     F                                11                      51.3                      50.5                   
Judy                      F                                14                      64.3                        90                   
Louise                    F                                12                      56.3                        77                   
Mary                      F                                15                      66.5                       112                   































____________________________________________________________________________________________________________________________________
Note: the source data is sashelp.class                                                                                              
Program Source: table3.sas                                                                              Executed: (Draft) 2022-04-30
